
> ogmj-brands@1.0.0 build
> next build

  Γû▓ Next.js 14.2.35

   Creating an optimized production build ...
 Γ£ô Compiled successfully
   Linting and checking validity of types ...
node.exe : Failed to compile.
At line:1 char:1
+ & "C:\Program Files\nodejs/node.exe" "C:\Program Files\nodejs/node_mo ...
+ ~~~~~~~~~~~~~~~~~~~~~~~~~~~~~~~~~~~~~~~~~~~~~~~~~~~~~~~~~~~~~~~~~~~~~
    + CategoryInfo          : NotSpecified: (Failed to compile.:String) [], Re 
   moteException
    + FullyQualifiedErrorId : NativeCommandError
 

./app/page.tsx:12:3
Type error: Module '"lucide-react"' has no exported member 'CursorArrowRays'.

[0m [90m 10 |[39m   [33mCircleDot[39m[33m,[39m[0m
[0m [90m 11 |[39m   [33mTrendingUp[39m[33m,[39m[0m
[0m[31m[1m>[22m[39m[90m 12 |[39m   
[33mCursorArrowRays[39m[33m,[39m[0m
[0m [90m    |[39m   [31m[1m^[22m[39m[0m
[0m [90m 13 |[39m   [33mDeviceMobile[39m[33m,[39m[0m
[0m [90m 14 |[39m   [33mRocket[39m[33m,[39m[0m
[0m [90m 15 |[39m   [33mBriefcase[39m[33m,[39m[0m
Next.js build worker exited with code: 1 and signal: null
